// Jest Snapshot v1, https://goo.gl/fbAQLP

exports[`Generate typography scales 1`] = `
Object {
  "typeScale": Array [
    Object {
      "clamp": "clamp(1rem, 0.93rem + 0.36vw, 1.25rem)",
      "max": Object {
        "fontSize": 20,
        "typeScale": 1.067,
        "width": 320,
      },
      "min": Object {
        "fontSize": 16,
        "typeScale": 1.067,
        "width": 320,
      },
    },
    Object {
      "clamp": "clamp(1.07rem, 0.99rem + 0.38vw, 1.33rem)",
      "max": Object {
        "fontSize": 21.34,
        "typeScale": 1.067,
        "width": 320,
      },
      "min": Object {
        "fontSize": 17.07,
        "typeScale": 1.067,
        "width": 320,
      },
    },
    Object {
      "clamp": "clamp(1.14rem, 1.06rem + 0.41vw, 1.42rem)",
      "max": Object {
        "fontSize": 22.77,
        "typeScale": 1.067,
        "width": 320,
      },
      "min": Object {
        "fontSize": 18.22,
        "typeScale": 1.067,
        "width": 320,
      },
    },
    Object {
      "clamp": "clamp(1.22rem, 1.13rem + 0.43vw, 1.52rem)",
      "max": Object {
        "fontSize": 24.3,
        "typeScale": 1.067,
        "width": 320,
      },
      "min": Object {
        "fontSize": 19.44,
        "typeScale": 1.067,
        "width": 320,
      },
    },
    Object {
      "clamp": "clamp(1.3rem, 1.2rem + 0.46vw, 1.62rem)",
      "max": Object {
        "fontSize": 25.92,
        "typeScale": 1.067,
        "width": 320,
      },
      "min": Object {
        "fontSize": 20.74,
        "typeScale": 1.067,
        "width": 320,
      },
    },
    Object {
      "clamp": "clamp(1.38rem, 1.28rem + 0.49vw, 1.73rem)",
      "max": Object {
        "fontSize": 27.66,
        "typeScale": 1.067,
        "width": 320,
      },
      "min": Object {
        "fontSize": 22.13,
        "typeScale": 1.067,
        "width": 320,
      },
    },
  ],
}
`;
